Script started on 2025-11-18 13:49:11+03:00 [TERM="xterm-256color" TTY="/dev/pts/0" COLUMNS="118" LINES="45"]
alex@AlexHP: ~alex@AlexHP:~$ ssh user@192.168.56.102


user@192.168.56.102's password: 
Welcome to Ubuntu 25.10 (GNU/Linux 6.17.0-6-generic x86_64)

 * Documentation:  https://docs.ubuntu.com
 * Management:     https://landscape.canonical.com
 * Support:        https://ubuntu.com/pro

 System information as of Tue Nov 18 10:49:16 UTC 2025

  System load:  0.06               Processes:               152
  Usage of /:   20.9% of 13.67GB   Users logged in:         0
  Memory usage: 4%                 IPv4 address for enp0s8: 192.168.56.102
  Swap usage:   0%


3 Ð¾Ð±Ð½Ð¾Ð²Ð»ÐµÐ½Ð¸Ñ Ð¼Ð¾Ð¶ÐµÑ‚ Ð±Ñ‹Ñ‚ÑŒ Ð¿Ñ€Ð¸Ð¼ÐµÐ½ÐµÐ½Ð¾ Ð½ÐµÐ¼ÐµÐ´Ð»ÐµÐ½Ð½Ð¾.
Ð§Ñ‚Ð¾Ð±Ñ‹ Ð¿Ñ€Ð¾ÑÐ¼Ð¾Ñ‚Ñ€ÐµÑ‚ÑŒ Ð´Ð¾Ð¿Ð¾Ð»Ð½Ð¸Ñ‚ÐµÐ»ÑŒÐ½Ñ‹Ðµ Ð¾Ð±Ð½Ð¾Ð²Ð»ÐµÐ½Ð¸Ñ Ð²Ñ‹Ð¿Ð¾Ð»Ð½Ð¸Ñ‚Ðµ: apt list --upgradable

Failed to connect to https://changelogs.ubuntu.com/meta-release. Check your Internet connection or proxy settings


Last login: Tue Nov 18 09:46:41 2025 from 192.168.56.1


user@ubuntuserver: ~user@ubuntuserver:~$ zfs -vuser@ubuntuserver: ~user@ubuntuserver:~$ zfs -V

zfs-2.3.4-1ubuntu2
zfs-kmod-2.3.4-1ubuntu2
user@ubuntuserver: ~user@ubuntuserver:~$ lsblk

NAME                      MAJ:MIN RM  SIZE RO TYPE MOUNTPOINTS
sda                         8:0    0   30G  0 disk 
â”œâ”€sda1                      8:1    0    1M  0 part 
â”œâ”€sda2                      8:2    0    2G  0 part /boot
â””â”€sda3                      8:3    0   28G  0 part 
  â””â”€ubuntu--vg-ubuntu--lv 252:0    0   14G  0 lvm  /
sdb                         8:16   0  500M  0 disk 
sdc                         8:32   0  500M  0 disk 
sdd                         8:48   0  500M  0 disk 
sde                         8:64   0  500M  0 disk 
sdf                         8:80   0  500M  0 disk 
sdg                         8:96   0  500M  0 disk 
sdh                         8:112  0  500M  0 disk 
sdi                         8:128  0  500M  0 disk 
sr0                        11:0    1 1024M  0 rom  
user@ubuntuserver: ~user@ubuntuserver:~$ Ñ‹Ð³Ð²Ñ‰ -Ñˆ

Ñ‹Ð³Ð²Ñ‰: command not found
user@ubuntuserver: ~user@ubuntuserver:~$ siudo -i

[sudo: authenticate] Password: 
root@ubuntuserver: ~root@ubuntuserver:~# zpool create otus1 moirror /dev/sdb /dev/sdc

root@ubuntuserver: ~root@ubuntuserver:~# zpool create otus1 mirror /dev/sdb /dev/sdc
root@ubuntuserver: ~root@ubuntuserver:~# zpool create otus2 mirror /dev/sdd /dev/sde
root@ubuntuserver: ~root@ubuntuserver:~# zpool create otus3 mirror /dev/sdf /dev/sdg
root@ubuntuserver: ~root@ubuntuserver:~# zpool list 

NAME    SIZE  ALLOC   FREE  CKPOINT  EXPANDSZ   FRAG    CAP  DEDUP    HEALTH  ALTROOT
otus1   480M   112K   480M        -         -     3%     0%  1.00x    ONLINE  -
otus2   480M   110K   480M        -         -     3%     0%  1.00x    ONLINE  -
otus3   480M   110K   480M        -         -     3%     0%  1.00x    ONLINE  -
otus4   480M   135K   480M        -         -     3%     0%  1.00x    ONLINE  -
root@ubuntuserver: ~root@ubuntuserver:~# zpool status otus
otus1  otus2  otus3  otus4  
root@ubuntuserver: ~root@ubuntuserver:~# zpool status otus1

  pool: otus1
 state: ONLINE
config:

	NAME        STATE     READ WRITE CKSUM
	otus1       ONLINE       0     0     0
	  mirror-0  ONLINE       0     0     0
	    sdb     ONLINE       0     0     0
	    sdc     ONLINE       0     0     0

errors: No known data errors
root@ubuntuserver: ~root@ubuntuserver:~# zpool status otus12

  pool: otus2
 state: ONLINE
config:

	NAME        STATE     READ WRITE CKSUM
	otus2       ONLINE       0     0     0
	  mirror-0  ONLINE       0     0     0
	    sdd     ONLINE       0     0     0
	    sde     ONLINE       0     0     0

errors: No known data errors
root@ubuntuserver: ~root@ubuntuserver:~# zpool status otus2313

  pool: otus3
 state: ONLINE
config:

	NAME        STATE     READ WRITE CKSUM
	otus3       ONLINE       0     0     0
	  mirror-0  ONLINE       0     0     0
	    sdf     ONLINE       0     0     0
	    sdg     ONLINE       0     0     0

errors: No known data errors
root@ubuntuserver: ~root@ubuntuserver:~# zpool status otus34

  pool: otus4
 state: ONLINE
config:

	NAME        STATE     READ WRITE CKSUM
	otus4       ONLINE       0     0     0
	  mirror-0  ONLINE       0     0     0
	    sdh     ONLINE       0     0     0
	    sdi     ONLINE       0     0     0

errors: No known data errors
root@ubuntuserver: ~root@ubuntuserver:~# zfs set  compression=lozjb otus1

root@ubuntuserver: ~root@ubuntuserver:~# zfs set compression=lzjb otus1
pool status otus4fs set compression=lzjb otus1
pool status otus421[7Plist status otus124fs set compression=lzjb otus1 otus1 otus1 otus1 otus1l otus1z otus14 otus12

root@ubuntuserver: ~root@ubuntuserver:~# zfs set compression=lz4 otus2 otus2 otus2l otus2e otus2otus2otus2otus2zotus2otus2otus2zotus2lotus2eotus2 otus23

root@ubuntuserver: ~root@ubuntuserver:~# zfs set compression=zle otus3 otus3 otus3 otus3g otus3z otus3i otus3p otus34

root@ubuntuserver: ~root@ubuntuserver:~# zzfs set compression=gzip otus4zle otus3lz4 otus2jb otus1
pool status otus4fs set compression=lzjb otus14 otus2zle otus3gzip otus4
zfs get all | grep compreassion

otus1  compression         lzjb                       local
otus2  compression         lz4                        local
otus3  compression         zle                        local
otus4  compression         gzip                       local
root@ubuntuserver: ~root@ubuntuserver:~# zfzfs 
-?            create        hold          mount         receive       rollback      unallow       upgrade
allow         destroy       holds         program       redact        send          unload-key    userspace
bookmark      diff          inherit       project       release       set           unmount       version
change-key    get           list          projectspace  rename        share         unshare       wait
clone         groupspace    load-key      promote       rewrite       snapshot      unzone        zone
root@ubuntuserver: ~root@ubuntuserver:~# zfs list

NAME    USED  AVAIL  REFER  MOUNTPOINT
otus1   116K   352M    24K  /otus1
otus2   111K   352M    24K  /otus2
otus3   114K   352M    24K  /otus3
otus4   116K   352M    24K  /otus4
root@ubuntuserver: ~root@ubuntuserver:~# zfs poolzpool
zpool           zpool_influxdb  
root@ubuntuserver: ~root@ubuntuserver:~# zpool klist 

NAME    SIZE  ALLOC   FREE  CKPOINT  EXPANDSZ   FRAG    CAP  DEDUP    HEALTH  ALTROOT
otus1   480M   116K   480M        -         -     3%     0%  1.00x    ONLINE  -
otus2   480M   111K   480M        -         -     3%     0%  1.00x    ONLINE  -
otus3   480M   114K   480M        -         -     3%     0%  1.00x    ONLINE  -
otus4   480M   116K   480M        -         -     3%     0%  1.00x    ONLINE  -
root@ubuntuserver: ~root@ubuntuserver:~# for i in {1..4}; do wget -P /otus$i https://gutenberg.org/cache/epub/2600/pg2600.converter.log; done
root@ubuntuserver: ~root@ubuntuserver:~# for i in {1..4}; do wget -P /otus$i https://gutenberg.org/cache/epub/2600/pg2600.converter.log; done




--2025-11-18 10:56:34--  https://gutenberg.org/cache/epub/2600/pg2600.converter.log
Resolving gutenberg.org (gutenberg.org)... 152.19.134.47, 2610:28:3090:3000:0:bad:cafe:47
Connecting to gutenberg.org (gutenberg.org)|152.19.134.47|:443... ^C
root@ubuntuserver: ~root@ubuntuserver:~# oiip route set
add       append    change    del       flush     get       help      list      replace   save      showdump
root@ubuntuserver: ~root@ubuntuserver:~# ip route wrep replace 
10.0.2.0/24      10.0.2.2         10.0.2.3         192.168.56.0/24  default          table
root@ubuntuserver: ~root@ubuntuserver:~# ip route replace default 
dev     via     weight  
root@ubuntuserver: ~root@ubuntuserver:~# ip route replace default via 10.0.2.2 
dev     via     weight  
root@ubuntuserver: ~root@ubuntuserver:~# ip route replace default via 10.0.2.2 

root@ubuntuserver: ~root@ubuntuserver:~# iping ya.ru

PING ya.ru (77.88.55.242) 56(84) bytes of data.
64 bytes from ya.ru (77.88.55.242): icmp_seq=1 ttl=63 time=12.8 ms
64 bytes from ya.ru (77.88.55.242): icmp_seq=2 ttl=63 time=13.7 ms
^C
--- ya.ru ping statistics ---
2 packets transmitted, 2 received, 0% packet loss, time 1013ms
rtt min/avg/max/mdev = 12.790/13.226/13.663/0.436 ms
root@ubuntuserver: ~root@ubuntuserver:~# ping ya.ruip route replace default via 10.0.2.2 
for i in {1..4}; do wget -P /otus$i https://gutenberg.org/cache/epub/2600/pg2600.converter.log; done
root@ubuntuserver: ~root@ubuntuserver:~# zpool list 

for i in {1..4}; do wget -P /otus$i https://gutenberg.org/cache/epub/2600/pg2600.converter.log; done

--2025-11-18 10:57:22--  https://gutenberg.org/cache/epub/2600/pg2600.converter.log
Resolving gutenberg.org (gutenberg.org)... 152.19.134.47, 2610:28:3090:3000:0:bad:cafe:47
Connecting to gutenberg.org (gutenberg.org)|152.19.134.47|:443... connected.
HTTP request sent, awaiting response... 200 OK
Length: 41189447 (39M) [text/plain]
Saving to: â€˜/otus1/pg2600.converter.logâ€™


pg2600.converter.log            0%[                                                ]       0  --.-KB/s               
pg2600.converter.log            0%[                                                ]  29,66K   124KB/s               
pg2600.converter.log            0%[                                                ]  57,55K   107KB/s               
pg2600.converter.log            0%[                                                ] 200,98K   194KB/s               
pg2600.converter.log            0%[                                                ] 296,61K   236KB/s               
pg2600.converter.log            0%[                                                ] 392,23K   268KB/s               
pg2600.converter.log            1%[                                                ] 615,36K   328KB/s               
pg2600.converter.log            2%[>                                               ] 854,42K   344KB/s               
pg2600.converter.log            2%[>                                               ]   1,08M   395KB/s               
pg2600.converter.log            3%[>                                               ]   1,36M   438KB/s    eta 89s    
pg2600.converter.log            4%[=>                                              ]   1,67M   455KB/s    eta 89s    
pg2600.converter.log            5%[=>                                              ]   2,03M   504KB/s    eta 89s    
pg2600.converter.log            6%[=>                                              ]   2,41M   544KB/s    eta 69s    
pg2600.converter.log            6%[==>                                             ]   2,61M   574KB/s    eta 69s    
pg2600.converter.log            7%[==>                                             ]   2,83M   629KB/s    eta 69s    
pg2600.converter.log            7%[==>                                             ]   3,04M   620KB/s    eta 66s    
pg2600.converter.log            8%[===>                                            ]   3,29M   657KB/s    eta 66s    
pg2600.converter.log            8%[===>                                            ]   3,53M   689KB/s    eta 66s    
pg2600.converter.log            9%[===>                                            ]   3,79M   725KB/s    eta 66s    
pg2600.converter.log           10%[===>                                            ]   4,07M   755KB/s    eta 66s    
pg2600.converter.log           11%[====>                                           ]   4,66M   834KB/s    eta 51s    
pg2600.converter.log           12%[=====>                                          ]   4,97M   900KB/s    eta 51s    
pg2600.converter.log           13%[=====>                                          ]   5,30M   935KB/s    eta 51s    
pg2600.converter.log           14%[=====>                                          ]   5,66M   976KB/s    eta 51s    
pg2600.converter.log           15%[======>                                         ]   6,02M   953KB/s    eta 45s    
pg2600.converter.log           17%[=======>                                        ]   6,81M  1,02MB/s    eta 45s    
pg2600.converter.log           19%[========>                                       ]   7,68M  1,10MB/s    eta 38s    
pg2600.converter.log           22%[=========>                                      ]   8,65M  1,21MB/s    eta 38s    
pg2600.converter.log           24%[==========>                                     ]   9,69M  1,37MB/s    eta 38s    
pg2600.converter.log           26%[===========>                                    ]  10,27M  1,48MB/s    eta 38s    
pg2600.converter.log           27%[============>                                   ]  10,93M  1,67MB/s    eta 27s    
pg2600.converter.log           30%[=============>                                  ]  12,02M  1,88MB/s    eta 27s    
pg2600.converter.log           32%[==============>                                 ]  12,83M  2,02MB/s    eta 27s    
pg2600.converter.log           34%[===============>                                ]  13,64M  2,14MB/s    eta 27s    
pg2600.converter.log           38%[=================>                              ]  14,93M  2,34MB/s    eta 27s    
pg2600.converter.log           40%[==================>                             ]  15,96M  2,62MB/s    eta 17s    
pg2600.converter.log           43%[===================>                            ]  16,93M  2,77MB/s    eta 17s    
pg2600.converter.log           45%[=====================>                          ]  18,02M  2,92MB/s    eta 17s    
pg2600.converter.log           50%[=======================>                        ]  19,76M  3,56MB/s    eta 17s    
pg2600.converter.log           53%[========================>                       ]  20,93M  3,80MB/s    eta 17s    
pg2600.converter.log           56%[==========================>                     ]  22,23M  4,00MB/s    eta 10s    
pg2600.converter.log           57%[==========================>                     ]  22,78M  3,81MB/s    eta 10s    
pg2600.converter.log           67%[===============================>                ]  26,45M  4,52MB/s    eta 7s     
pg2600.converter.log           70%[================================>               ]  27,81M  4,56MB/s    eta 7s     
pg2600.converter.log           76%[===================================>            ]  30,06M  4,94MB/s    eta 7s     
pg2600.converter.log           79%[=====================================>          ]  31,31M  5,05MB/s    eta 7s     
pg2600.converter.log           81%[=====================================>          ]  31,92M  4,96MB/s    eta 7s     
pg2600.converter.log           86%[========================================>       ]  33,92M  5,24MB/s    eta 2s     
pg2600.converter.log           86%[========================================>       ]  34,06M  5,04MB/s    eta 2s     
pg2600.converter.log           90%[==========================================>     ]  35,62M  5,18MB/s    eta 2s     
pg2600.converter.log           93%[===========================================>    ]  36,54M  4,90MB/s    eta 2s     
pg2600.converter.log           99%[==============================================> ]  38,92M  5,19MB/s    eta 0s     
pg2600.converter.log          100%[===============================================>]  39,28M  5,21MB/s    in 16s     

2025-11-18 10:57:38 (2,48 MB/s) - â€˜/otus1/pg2600.converter.logâ€™ saved [41189447/41189447]

--2025-11-18 10:57:38--  https://gutenberg.org/cache/epub/2600/pg2600.converter.log
Resolving gutenberg.org (gutenberg.org)... 152.19.134.47, 2610:28:3090:3000:0:bad:cafe:47
Connecting to gutenberg.org (gutenberg.org)|152.19.134.47|:443... connected.
HTTP request sent, awaiting response... 200 OK
Length: 41189447 (39M) [text/plain]
Saving to: â€˜/otus2/pg2600.converter.logâ€™


pg2600.converter.log            0%[                                                ]       0  --.-KB/s               
pg2600.converter.log            0%[                                                ]  55,37K   254KB/s               
pg2600.converter.log            0%[                                                ] 219,72K   490KB/s               
pg2600.converter.log            1%[                                                ] 506,59K   747KB/s               
pg2600.converter.log            4%[=>                                              ]   1,79M  1,98MB/s               
pg2600.converter.log            6%[==>                                             ]   2,60M  2,19MB/s               
pg2600.converter.log           10%[====>                                           ]   4,11M  2,96MB/s               
pg2600.converter.log           12%[=====>                                          ]   4,96M  3,03MB/s               
pg2600.converter.log           16%[======>                                         ]   6,47M  3,23MB/s               
pg2600.converter.log           18%[=======>                                        ]   7,26M  3,25MB/s               
pg2600.converter.log           23%[==========>                                     ]   9,09M  3,60MB/s               
pg2600.converter.log           25%[===========>                                    ]   9,97M  3,56MB/s               
pg2600.converter.log           30%[=============>                                  ]  11,83M  3,44MB/s    eta 8s     
pg2600.converter.log           33%[==============>                                 ]  13,04M  3,59MB/s    eta 8s     
pg2600.converter.log           37%[================>                               ]  14,72M  3,79MB/s    eta 8s     
pg2600.converter.log           40%[==================>                             ]  15,95M  4,09MB/s    eta 8s     
pg2600.converter.log           44%[====================>                           ]  17,57M  4,43MB/s    eta 8s     
pg2600.converter.log           47%[=====================>                          ]  18,80M  4,76MB/s    eta 5s     
pg2600.converter.log           50%[=======================>                        ]  20,01M  4,85MB/s    eta 5s     
pg2600.converter.log           55%[=========================>                      ]  21,63M  5,04MB/s    eta 5s     
pg2600.converter.log           58%[===========================>                    ]  23,11M  4,97MB/s    eta 5s     
pg2600.converter.log           62%[============================>                   ]  24,48M  5,36MB/s    eta 5s     
pg2600.converter.log           63%[=============================>                  ]  25,02M  4,98MB/s    eta 3s     
pg2600.converter.log           71%[=================================>              ]  28,01M  5,62MB/s    eta 3s     
pg2600.converter.log           74%[==================================>             ]  29,46M  5,46MB/s    eta 3s     
pg2600.converter.log           79%[====================================>           ]  31,05M  5,86MB/s    eta 3s     
pg2600.converter.log           83%[======================================>         ]  32,68M  5,92MB/s    eta 3s     
pg2600.converter.log           86%[========================================>       ]  34,00M  6,52MB/s    eta 1s     
pg2600.converter.log           91%[==========================================>     ]  35,82M  6,68MB/s    eta 1s     
pg2600.converter.log           94%[============================================>   ]  37,01M  6,64MB/s    eta 1s     
pg2600.converter.log           97%[=============================================>  ]  38,36M  6,64MB/s    eta 1s     
pg2600.converter.log           98%[==============================================> ]  38,78M  5,85MB/s    eta 0s     
pg2600.converter.log          100%[===============================================>]  39,28M  5,99MB/s    in 7,9s    

2025-11-18 10:57:47 (4,95 MB/s) - â€˜/otus2/pg2600.converter.logâ€™ saved [41189447/41189447]

--2025-11-18 10:57:47--  https://gutenberg.org/cache/epub/2600/pg2600.converter.log
Resolving gutenberg.org (gutenberg.org)... 152.19.134.47, 2610:28:3090:3000:0:bad:cafe:47
Connecting to gutenberg.org (gutenberg.org)|152.19.134.47|:443... connected.
HTTP request sent, awaiting response... 200 OK
Length: 41189447 (39M) [text/plain]
Saving to: â€˜/otus3/pg2600.converter.logâ€™


pg2600.converter.log            0%[                                                ]       0  --.-KB/s               
pg2600.converter.log            0%[                                                ]  23,48K  56,6KB/s               
pg2600.converter.log            0%[                                                ]  92,21K   150KB/s               
pg2600.converter.log            0%[                                                ] 219,71K   239KB/s               
pg2600.converter.log            1%[                                                ] 713,77K   465KB/s               
pg2600.converter.log            3%[>                                               ]   1,26M   699KB/s               
pg2600.converter.log            4%[=>                                              ]   1,86M   848KB/s               
pg2600.converter.log            5%[=>                                              ]   2,19M   876KB/s               
pg2600.converter.log            7%[==>                                             ]   2,89M   996KB/s               
pg2600.converter.log            9%[===>                                            ]   3,67M  1,05MB/s    eta 34s    
pg2600.converter.log           10%[===>                                            ]   4,09M  1,05MB/s    eta 34s    
pg2600.converter.log           11%[====>                                           ]   4,53M  1,11MB/s    eta 34s    
pg2600.converter.log           12%[=====>                                          ]   4,98M  1,10MB/s    eta 31s    
pg2600.converter.log           13%[=====>                                          ]   5,47M  1,16MB/s    eta 31s    
pg2600.converter.log           15%[======>                                         ]   5,97M  1,19MB/s    eta 31s    
pg2600.converter.log           17%[=======>                                        ]   7,06M  1,35MB/s    eta 26s    
pg2600.converter.log           21%[=========>                                      ]   8,28M  1,55MB/s    eta 26s    
pg2600.converter.log           23%[==========>                                     ]   9,41M  1,77MB/s    eta 26s    
pg2600.converter.log           26%[===========>                                    ]  10,32M  1,99MB/s    eta 26s    
pg2600.converter.log           28%[============>                                   ]  11,28M  2,12MB/s    eta 26s    
pg2600.converter.log           32%[==============>                                 ]  12,67M  2,28MB/s    eta 14s    
pg2600.converter.log           35%[===============>                                ]  13,79M  2,60MB/s    eta 14s    
pg2600.converter.log           39%[=================>                              ]  15,40M  2,83MB/s    eta 14s    
pg2600.converter.log           42%[===================>                            ]  16,68M  3,06MB/s    eta 14s    
pg2600.converter.log           46%[=====================>                          ]  18,22M  3,46MB/s    eta 14s    
pg2600.converter.log           49%[======================>                         ]  19,50M  3,85MB/s    eta 8s     
pg2600.converter.log           54%[=========================>                      ]  21,40M  4,21MB/s    eta 8s     
pg2600.converter.log           58%[===========================>                    ]  23,11M  4,87MB/s    eta 8s     
pg2600.converter.log           63%[=============================>                  ]  24,87M  5,38MB/s    eta 8s     
pg2600.converter.log           65%[==============================>                 ]  25,55M  5,34MB/s    eta 8s     
pg2600.converter.log           69%[================================>               ]  27,25M  6,12MB/s    eta 4s     
pg2600.converter.log           72%[=================================>              ]  28,60M  6,12MB/s    eta 4s     
pg2600.converter.log           76%[===================================>            ]  29,86M  6,29MB/s    eta 4s     
pg2600.converter.log           78%[====================================>           ]  30,91M  6,21MB/s    eta 4s     
pg2600.converter.log           81%[======================================>         ]  32,15M  6,17MB/s    eta 2s     
pg2600.converter.log           85%[========================================>       ]  33,63M  6,24MB/s    eta 2s     
pg2600.converter.log           88%[=========================================>      ]  34,92M  6,21MB/s    eta 2s     
pg2600.converter.log           92%[===========================================>    ]  36,21M  6,24MB/s    eta 2s     
pg2600.converter.log           95%[============================================>   ]  37,43M  6,11MB/s    eta 2s     
pg2600.converter.log           98%[==============================================> ]  38,78M  6,08MB/s    eta 0s     
pg2600.converter.log          100%[===============================================>]  39,28M  5,93MB/s    in 11s     

2025-11-18 10:57:59 (3,50 MB/s) - â€˜/otus3/pg2600.converter.logâ€™ saved [41189447/41189447]

--2025-11-18 10:57:59--  https://gutenberg.org/cache/epub/2600/pg2600.converter.log
Resolving gutenberg.org (gutenberg.org)... 152.19.134.47, 2610:28:3090:3000:0:bad:cafe:47
Connecting to gutenberg.org (gutenberg.org)|152.19.134.47|:443... connected.
HTTP request sent, awaiting response... 200 OK
Length: 41189447 (39M) [text/plain]
Saving to: â€˜/otus4/pg2600.converter.logâ€™


pg2600.converter.log            0%[                                                ]       0  --.-KB/s               
pg2600.converter.log            0%[                                                ]  57,55K   269KB/s               
pg2600.converter.log            0%[                                                ] 216,92K   496KB/s               
pg2600.converter.log            1%[                                                ] 503,80K   754KB/s               
pg2600.converter.log            4%[=>                                              ]   1,80M  2,05MB/s               
pg2600.converter.log            6%[==>                                             ]   2,69M  2,29MB/s               
pg2600.converter.log           11%[====>                                           ]   4,51M  3,14MB/s               
pg2600.converter.log           13%[=====>                                          ]   5,30M  3,21MB/s               
pg2600.converter.log           17%[=======>                                        ]   6,79M  3,57MB/s               
pg2600.converter.log           19%[========>                                       ]   7,54M  3,52MB/s               
pg2600.converter.log           23%[==========>                                     ]   9,21M  3,81MB/s               
pg2600.converter.log           25%[===========>                                    ]  10,09M  3,71MB/s               
pg2600.converter.log           30%[=============>                                  ]  11,92M  3,95MB/s    eta 7s     
pg2600.converter.log           34%[===============>                                ]  13,36M  4,15MB/s    eta 7s     
pg2600.converter.log           36%[================>                               ]  14,45M  4,21MB/s    eta 7s     
pg2600.converter.log           40%[==================>                             ]  15,78M  4,34MB/s    eta 7s     
pg2600.converter.log           44%[====================>                           ]  17,50M  4,80MB/s    eta 7s     
pg2600.converter.log           47%[=====================>                          ]  18,69M  5,07MB/s    eta 4s     
pg2600.converter.log           51%[=======================>                        ]  20,32M  5,58MB/s    eta 4s     
pg2600.converter.log           55%[=========================>                      ]  21,64M  5,61MB/s    eta 4s     
pg2600.converter.log           58%[==========================>                     ]  22,84M  5,72MB/s    eta 4s     
pg2600.converter.log           59%[===========================>                    ]  23,40M  4,47MB/s    eta 4s     
pg2600.converter.log           71%[=================================>              ]  28,20M  5,43MB/s    eta 4s     
pg2600.converter.log           74%[==================================>             ]  29,21M  5,26MB/s    eta 4s     
pg2600.converter.log           79%[=====================================>          ]  31,17M  5,43MB/s    eta 4s     
pg2600.converter.log           81%[======================================>         ]  32,16M  5,35MB/s    eta 4s     
pg2600.converter.log           85%[=======================================>        ]  33,44M  5,70MB/s    eta 1s     
pg2600.converter.log           87%[=========================================>      ]  34,47M  5,62MB/s    eta 1s     
pg2600.converter.log           90%[==========================================>     ]  35,56M  5,57MB/s    eta 1s     
pg2600.converter.log           93%[============================================>   ]  36,83M  5,56MB/s    eta 1s     
pg2600.converter.log           95%[============================================>   ]  37,41M  4,75MB/s    eta 0s     
pg2600.converter.log          100%[===============================================>]  39,28M  5,14MB/s    in 8,2s    

2025-11-18 10:58:08 (4,79 MB/s) - â€˜/otus4/pg2600.converter.logâ€™ saved [41189447/41189447]

root@ubuntuserver: ~root@ubuntuserver:~# ls /otus
otus1/ otus2/ otus3/ otus4/ 
root@ubuntuserver: ~root@ubuntuserver:~# ls /otus* /otus*- /otus*l /otus*

/otus1:
total 22116
-rw-r--r-- 1 root root 41189447 Nov  2 08:31 pg2600.converter.log

/otus2:
total 18015
-rw-r--r-- 1 root root 41189447 Nov  2 08:31 pg2600.converter.log

/otus3:
total 40256
-rw-r--r-- 1 root root 41189447 Nov  2 08:31 pg2600.converter.log

/otus4:
total 11080
-rw-r--r-- 1 root root 41189447 Nov  2 08:31 pg2600.converter.log
root@ubuntuserver: ~root@ubuntuserver:~# zfs list 

]NAME    USED  AVAIL  REFER  MOUNTPOINT
otus1  21.7M   330M  21.6M  /otus1
otus2  17.7M   334M  17.6M  /otus2
otus3  39.4M   313M  39.3M  /otus3
otus4  10.9M   341M  10.8M  /otus4
root@ubuntuserver: ~root@ubuntuserver:~# ]zfs gety zfs get all | gerp compressionsratio | gerp -v ref

Command 'gerp' not found, did you mean:
  command 'grep' from deb grep (3.11-4build1)
Try: apt install <deb name>
Command 'gerp' not found, did you mean:
  command 'grep' from deb grep (3.11-4build1)
Try: apt install <deb name>
root@ubuntuserver: ~root@ubuntuserver:~# zfs get all | gerp compressratio | gerp -v ref

otus1  compressratio         1.82x                      -
otus2  compressratio         2.23x                      -
otus3  compressratio         1.00x                      -
otus4  compressratio         3.63x                      -
root@ubuntuserver: ~root@ubuntuserver:~# zfs get all | grep compressratio | grep -v referp compressratio | ger
list ls -l /otus*for i in {1..4}; do wget -P /otus$i https://gutenberg.org/cache/epub/2600/pg2600.converter.log; done
root@ubuntuserver: ~root@ubuntuserver:~# ls -l /otus*



/otus1:
total 22116
-rw-r--r-- 1 root root 41189447 Nov  2 08:31 pg2600.converter.log

/otus2:
total 18015
-rw-r--r-- 1 root root 41189447 Nov  2 08:31 pg2600.converter.log

/otus3:
total 40256
-rw-r--r-- 1 root root 41189447 Nov  2 08:31 pg2600.converter.log

/otus4:
total 11080
-rw-r--r-- 1 root root 41189447 Nov  2 08:31 pg2600.converter.log
root@ubuntuserver: ~root@ubuntuserver:~# ls -l /otus*zfs get all | grep compressratio | grep -v referp compressratio | ger
list 

NAME    USED  AVAIL  REFER  MOUNTPOINT
otus1  21.7M   330M  21.6M  /otus1
otus2  17.7M   334M  17.6M  /otus2
otus3  39.4M   313M  39.3M  /otus3
otus4  10.9M   341M  10.8M  /otus4
root@ubuntuserver: ~root@ubuntuserver:~# zfs list ls -l /otus*zfs get all | grep compressratio | grep -v ref

otus1  compressratio         1.82x                      -
otus2  compressratio         2.23x                      -
otus3  compressratio         1.00x                      -
otus4  compressratio         3.63x                      -
root@ubuntuserver: ~root@ubuntuserver:~# zfs get all | grep compressratio | grep -v ref

otus1  compressratio       1.82x                      -
otus1  refcompressratio    1.82x                      -
otus2  compressratio       2.23x                      -
otus2  refcompressratio    2.24x                      -
otus3  compressratio       1.00x                      -
otus3  refcompressratio    1.00x                      -
otus4  compressratio       3.63x                      -
otus4  refcompressratio    3.64x                      -
root@ubuntuserver: ~root@ubuntuserver:~# zfs get all | grep compressratioion 

otus1  compression         lzjb                       local
otus2  compression         lz4                        local
otus3  compression         zle                        local
otus4  compression         gzip                       local
root@ubuntuserver: ~root@ubuntuserver:~# zfs get all | grep compression | grep -v fer

otus1  compression           lzjb                       local
otus2  compression           lz4                        local
otus3  compression           zle                        local
otus4  compression           gzip                       local
root@ubuntuserver: ~root@ubuntuserver:~# zfs get all | grep compression | grep -v ferref

otus1  compression           lzjb                       local
otus2  compression           lz4                        local
otus3  compression           zle                        local
otus4  compression           gzip                       local
root@ubuntuserver: ~root@ubuntuserver:~# root@ubuntuserver: ~root@ubuntuserver:~# wget -O archive.tar.gz --no-check-certificate 'https://drive.usercontent.google.com/download?id=1MvrcEp-WgAQe57aDEzxSRalPAwbNN1Bb&export=download' 
wget -O archive.tar.gz --no-check-certificate 'https://drive.usercontent.google.com/download?id=1MvrcEp-WgAQe57aDEzxSRalPAwbNN1Bb&export=download' 

--2025-11-18 11:04:35--  https://drive.usercontent.google.com/download?id=1MvrcEp-WgAQe57aDEzxSRalPAwbNN1Bb&export=download
Resolving drive.usercontent.google.com (drive.usercontent.google.com)... 64.233.162.132, 2a00:1450:4010:c05::84
Connecting to drive.usercontent.google.com (drive.usercontent.google.com)|64.233.162.132|:443... connected.
HTTP request sent, awaiting response... 200 OK
Length: 7275140 (6,9M) [application/octet-stream]
Saving to: â€˜archive.tar.gzâ€™


archive.tar.gz                  0%[                                                ]       0  --.-KB/s               
archive.tar.gz                  2%[                                                ] 147,32K   734KB/s               
archive.tar.gz                  8%[===>                                            ] 637,92K  1,55MB/s               
archive.tar.gz                 36%[================>                               ]   2,56M  4,23MB/s               
archive.tar.gz                 77%[====================================>           ]   5,37M  6,67MB/s               
archive.tar.gz                100%[===============================================>]   6,94M  7,59MB/s    in 0,9s    

2025-11-18 11:04:51 (7,59 MB/s) - â€˜archive.tar.gzâ€™ saved [7275140/7275140]

root@ubuntuserver: ~root@ubuntuserver:~# tar -xzvf archive.tar.gz 

zpoolexport/
zpoolexport/filea
zpoolexport/fileb
root@ubuntuserver: ~root@ubuntuserver:~# ls

archive.tar.gz  zpoolexport
root@ubuntuserver: ~root@ubuntuserver:~# zpool
zpool           zpool_influxdb  
root@ubuntuserver: ~root@ubuntuserver:~# zpool list

NAME    SIZE  ALLOC   FREE  CKPOINT  EXPANDSZ   FRAG    CAP  DEDUP    HEALTH  ALTROOT
otus1   480M  21.7M   458M        -         -     2%     4%  1.00x    ONLINE  -
otus2   480M  17.7M   462M        -         -     3%     3%  1.00x    ONLINE  -
otus3   480M  39.4M   441M        -         -     4%     8%  1.00x    ONLINE  -
otus4   480M  10.9M   469M        -         -     3%     2%  1.00x    ONLINE  -
root@ubuntuserver: ~root@ubuntuserver:~# lsblk

NAME                      MAJ:MIN RM  SIZE RO TYPE MOUNTPOINTS
sda                         8:0    0   30G  0 disk 
â”œâ”€sda1                      8:1    0    1M  0 part 
â”œâ”€sda2                      8:2    0    2G  0 part /boot
â””â”€sda3                      8:3    0   28G  0 part 
  â””â”€ubuntu--vg-ubuntu--lv 252:0    0   14G  0 lvm  /
sdb                         8:16   0  500M  0 disk 
â”œâ”€sdb1                      8:17   0  490M  0 part 
â””â”€sdb9                      8:25   0    8M  0 part 
sdc                         8:32   0  500M  0 disk 
â”œâ”€sdc1                      8:33   0  490M  0 part 
â””â”€sdc9                      8:41   0    8M  0 part 
sdd                         8:48   0  500M  0 disk 
â”œâ”€sdd1                      8:49   0  490M  0 part 
â””â”€sdd9                      8:57   0    8M  0 part 
sde                         8:64   0  500M  0 disk 
â”œâ”€sde1                      8:65   0  490M  0 part 
â””â”€sde9                      8:73   0    8M  0 part 
sdf                         8:80   0  500M  0 disk 
â”œâ”€sdf1                      8:81   0  490M  0 part 
â””â”€sdf9                      8:89   0    8M  0 part 
sdg                         8:96   0  500M  0 disk 
â”œâ”€sdg1                      8:97   0  490M  0 part 
â””â”€sdg9                      8:105  0    8M  0 part 
sdh                         8:112  0  500M  0 disk 
â”œâ”€sdh1                      8:113  0  490M  0 part 
â””â”€sdh9                      8:121  0    8M  0 part 
sdi                         8:128  0  500M  0 disk 
â”œâ”€sdi1                      8:129  0  490M  0 part 
â””â”€sdi9                      8:137  0    8M  0 part 
sr0                        11:0    1 1024M  0 rom  
root@ubuntuserver: ~root@ubuntuserver:~# zfs list

NAME    USED  AVAIL  REFER  MOUNTPOINT
otus1  21.7M   330M  21.6M  /otus1
otus2  17.7M   334M  17.6M  /otus2
otus3  39.4M   313M  39.3M  /otus3
otus4  10.9M   341M  10.8M  /otus4
root@ubuntuserver: ~root@ubuntuserver:~# df -h

Filesystem                         Size  Used Avail Use% Mounted on
tmpfs                              744M  1,2M  742M   1% /run
/dev/mapper/ubuntu--vg-ubuntu--lv   14G  3,9G  9,2G  30% /
tmpfs                              3,7G     0  3,7G   0% /dev/shm
tmpfs                              5,0M     0  5,0M   0% /run/lock
tmpfs                              3,7G     0  3,7G   0% /tmp
tmpfs                              1,0M     0  1,0M   0% /run/credentials/systemd-journald.service
tmpfs                              1,0M     0  1,0M   0% /run/credentials/systemd-resolved.service
/dev/sda2                          2,0G  121M  1,7G   7% /boot
tmpfs                              1,0M     0  1,0M   0% /run/credentials/systemd-networkd.service
tmpfs                              1,0M     0  1,0M   0% /run/credentials/getty@tty1.service
tmpfs                              744M  8,0K  743M   1% /run/user/1000
otus1                              352M   22M  331M   7% /otus1
otus2                              352M   18M  335M   6% /otus2
otus3                              352M   40M  313M  12% /otus3
otus4                              352M   11M  341M   4% /otus4
root@ubuntuserver: ~root@ubuntuserver:~# df -hT

Filesystem                        Type   Size  Used Avail Use% Mounted on
tmpfs                             tmpfs  744M  1,2M  742M   1% /run
/dev/mapper/ubuntu--vg-ubuntu--lv ext4    14G  3,9G  9,2G  30% /
tmpfs                             tmpfs  3,7G     0  3,7G   0% /dev/shm
tmpfs                             tmpfs  5,0M     0  5,0M   0% /run/lock
tmpfs                             tmpfs  3,7G     0  3,7G   0% /tmp
tmpfs                             tmpfs  1,0M     0  1,0M   0% /run/credentials/systemd-journald.service
tmpfs                             tmpfs  1,0M     0  1,0M   0% /run/credentials/systemd-resolved.service
/dev/sda2                         ext4   2,0G  121M  1,7G   7% /boot
tmpfs                             tmpfs  1,0M     0  1,0M   0% /run/credentials/systemd-networkd.service
tmpfs                             tmpfs  1,0M     0  1,0M   0% /run/credentials/getty@tty1.service
tmpfs                             tmpfs  744M  8,0K  743M   1% /run/user/1000
otus1                             zfs    352M   22M  331M   7% /otus1
otus2                             zfs    352M   18M  335M   6% /otus2
otus3                             zfs    352M   40M  313M  12% /otus3
otus4                             zfs    352M   11M  341M   4% /otus4
root@ubuntuserver: ~root@ubuntuserver:~# ls zpoolexport/file
filea  fileb  
root@ubuntuserver: ~root@ubuntuserver:~# ls zpoolexport/file

filea  fileb
root@ubuntuserver: ~root@ubuntuserver:~# zpool
zpool           zpool_influxdb  
root@ubuntuserver: ~root@ubuntuserver:~# zpool inmport -d zlpoolexport/

  pool: otus
    id: 6554193320433390805
 state: ONLINE
status: Some supported features are not enabled on the pool.
	(Note that they may be intentionally disabled if the
	'compatibility' property is set.)
action: The pool can be imported using its name or numeric identifier, though
	some features will not be available without an explicit 'zpool upgrade'.
config:

	otus                         ONLINE
	  mirror-0                   ONLINE
	    /root/zpoolexport/filea  ONLINE
	    /root/zpoolexport/fileb  ONLINE
root@ubuntuserver: ~root@ubuntuserver:~# zpool import -d zpoolexport/ otus

root@ubuntuserver: ~root@ubuntuserver:~# zpool status 

]  pool: otus
 state: ONLINE
status: Some supported and requested features are not enabled on the pool.
	The pool can still be used, but some features are unavailable.
action: Enable all features using 'zpool upgrade'. Once this is done,
	the pool may no longer be accessible by software that does not support
	the features. See zpool-features(7) for details.
config:

	NAME                         STATE     READ WRITE CKSUM
	otus                         ONLINE       0     0     0
	  mirror-0                   ONLINE       0     0     0
	    /root/zpoolexport/filea  ONLINE       0     0     0
	    /root/zpoolexport/fileb  ONLINE       0     0     0

errors: No known data errors

  pool: otus1
 state: ONLINE
config:

	NAME        STATE     READ WRITE CKSUM
	otus1       ONLINE       0     0     0
	  mirror-0  ONLINE       0     0     0
	    sdb     ONLINE       0     0     0
	    sdc     ONLINE       0     0     0

errors: No known data errors

  pool: otus2
 state: ONLINE
config:

	NAME        STATE     READ WRITE CKSUM
	otus2       ONLINE       0     0     0
	  mirror-0  ONLINE       0     0     0
	    sdd     ONLINE       0     0     0
	    sde     ONLINE       0     0     0

errors: No known data errors

  pool: otus3
 state: ONLINE
config:

	NAME        STATE     READ WRITE CKSUM
	otus3       ONLINE       0     0     0
	  mirror-0  ONLINE       0     0     0
	    sdf     ONLINE       0     0     0
	    sdg     ONLINE       0     0     0

errors: No known data errors

  pool: otus4
 state: ONLINE
config:

	NAME        STATE     READ WRITE CKSUM
	otus4       ONLINE       0     0     0
	  mirror-0  ONLINE       0     0     0
	    sdh     ONLINE       0     0     0
	    sdi     ONLINE       0     0     0

errors: No known data errors
root@ubuntuserver: ~root@ubuntuserver:~# ]zpool status Otuotus

  pool: otus
 state: ONLINE
status: Some supported and requested features are not enabled on the pool.
	The pool can still be used, but some features are unavailable.
action: Enable all features using 'zpool upgrade'. Once this is done,
	the pool may no longer be accessible by software that does not support
	the features. See zpool-features(7) for details.
config:

	NAME                         STATE     READ WRITE CKSUM
	otus                         ONLINE       0     0     0
	  mirror-0                   ONLINE       0     0     0
	    /root/zpoolexport/filea  ONLINE       0     0     0
	    /root/zpoolexport/fileb  ONLINE       0     0     0

errors: No known data errors
root@ubuntuserver: ~root@ubuntuserver:~# zpolol list 

NAME    SIZE  ALLOC   FREE  CKPOINT  EXPANDSZ   FRAG    CAP  DEDUP    HEALTH  ALTROOT
otus    480M  2.06M   478M        -         -    17%     0%  1.00x    ONLINE  -
otus1   480M  21.7M   458M        -         -     2%     4%  1.00x    ONLINE  -
otus2   480M  17.7M   462M        -         -     3%     3%  1.00x    ONLINE  -
otus3   480M  39.4M   441M        -         -     4%     8%  1.00x    ONLINE  -
otus4   480M  10.9M   469M        -         -     3%     2%  1.00x    ONLINE  -
root@ubuntuserver: ~root@ubuntuserver:~# zpool get all otus

NAME  PROPERTY                       VALUE                          SOURCE
otus  size                           480M                           -
otus  capacity                       0%                             -
otus  altroot                        -                              default
otus  health                         ONLINE                         -
otus  guid                           6554193320433390805            -
otus  version                        -                              default
otus  bootfs                         -                              default
otus  delegation                     on                             default
otus  autoreplace                    off                            default
otus  cachefile                      -                              default
otus  failmode                       wait                           default
otus  listsnapshots                  off                            default
otus  autoexpand                     off                            default
otus  dedupratio                     1.00x                          -
otus  free                           478M                           -
otus  allocated                      2.06M                          -
otus  readonly                       off                            -
otus  ashift                         0                              default
otus  comment                        -                              default
otus  expandsize                     -                              -
otus  freeing                        0                              -
otus  fragmentation                  17%                            -
otus  leaked                         0                              -
otus  multihost                      off                            default
otus  checkpoint                     -                              -
otus  load_guid                      5624381092258201926            -
otus  autotrim                       off                            default
otus  compatibility                  off                            default
otus  bcloneused                     0                              -
otus  bclonesaved                    0                              -
otus  bcloneratio                    1.00x                          -
otus  dedup_table_size               0                              -
otus  dedup_table_quota              auto                           default
otus  last_scrubbed_txg              0                              -
otus  feature@async_destroy          enabled                        local
otus  feature@empty_bpobj            active                         local
otus  feature@lz4_compress           active                         local
otus  feature@multi_vdev_crash_dump  enabled                        local
otus  feature@spacemap_histogram     active                         local
otus  feature@enabled_txg            active                         local
otus  feature@hole_birth             active                         local
otus  feature@extensible_dataset     active                         local
otus  feature@embedded_data          active                         local
otus  feature@bookmarks              enabled                        local
otus  feature@filesystem_limits      enabled                        local
otus  feature@large_blocks           enabled                        local
otus  feature@large_dnode            enabled                        local
otus  feature@sha512                 enabled                        local
otus  feature@skein                  enabled                        local
otus  feature@edonr                  enabled                        local
otus  feature@userobj_accounting     active                         local
otus  feature@encryption             enabled                        local
otus  feature@project_quota          active                         local
otus  feature@device_removal         enabled                        local
otus  feature@obsolete_counts        enabled                        local
otus  feature@zpool_checkpoint       enabled                        local
otus  feature@spacemap_v2            active                         local
otus  feature@allocation_classes     enabled                        local
otus  feature@resilver_defer         enabled                        local
otus  feature@bookmark_v2            enabled                        local
otus  feature@redaction_bookmarks    disabled                       local
otus  feature@redacted_datasets      disabled                       local
otus  feature@bookmark_written       disabled                       local
otus  feature@log_spacemap           disabled                       local
otus  feature@livelist               disabled                       local
otus  feature@device_rebuild         disabled                       local
otus  feature@zstd_compress          disabled                       local
otus  feature@draid                  disabled                       local
otus  feature@zilsaxattr             disabled                       local
otus  feature@head_errlog            disabled                       local
otus  feature@blake3                 disabled                       local
otus  feature@block_cloning          disabled                       local
otus  feature@vdev_zaps_v2           disabled                       local
otus  feature@redaction_list_spill   disabled                       local
otus  feature@raidz_expansion        disabled                       local
otus  feature@fast_dedup             disabled                       local
otus  feature@longname               disabled                       local
otus  feature@large_microzap         disabled                       local
root@ubuntuserver: ~root@ubuntuserver:~# zfs get all otus

NAME  PROPERTY              VALUE                      SOURCE
otus  type                  filesystem                 -
otus  creation              ÐŸÑ‚ Ð¼Ð°Ñ 15  4:00 2020  -
otus  used                  2.04M                      -
otus  available             350M                       -
otus  referenced            24K                        -
otus  compressratio         1.00x                      -
otus  mounted               yes                        -
otus  quota                 none                       default
otus  reservation           none                       default
otus  recordsize            128K                       local
otus  mountpoint            /otus                      default
otus  sharenfs              off                        default
otus  checksum              sha256                     local
otus  compression           zle                        local
otus  atime                 on                         default
otus  devices               on                         default
otus  exec                  on                         default
otus  setuid                on                         default
otus  readonly              off                        default
otus  zoned                 off                        default
otus  snapdir               hidden                     default
otus  aclmode               discard                    default
otus  aclinherit            restricted                 default
otus  createtxg             1                          -
otus  canmount              on                         default
otus  xattr                 on                         default
otus  copies                1                          default
otus  version               5                          -
otus  utf8only              off                        -
otus  normalization         none                       -
otus  casesensitivity       sensitive                  -
otus  vscan                 off                        default
otus  nbmand                off                        default
otus  sharesmb              off                        default
otus  refquota              none                       default
otus  refreservation        none                       default
otus  guid                  14592242904030363272       -
otus  primarycache          all                        default
otus  secondarycache        all                        default
otus  usedbysnapshots       0B                         -
otus  usedbydataset         24K                        -
otus  usedbychildren        2.01M                      -
otus  usedbyrefreservation  0B                         -
otus  logbias               latency                    default
otus  objsetid              54                         -
otus  dedup                 off                        default
otus  mlslabel              none                       default
otus  sync                  standard                   default
otus  dnodesize             legacy                     default
otus  refcompressratio      1.00x                      -
otus  written               24K                        -
otus  logicalused           1020K                      -
otus  logicalreferenced     12K                        -
otus  volmode               default                    default
otus  filesystem_limit      none                       default
otus  snapshot_limit        none                       default
otus  filesystem_count      none                       default
otus  snapshot_count        none                       default
otus  snapdev               hidden                     default
otus  acltype               off                        default
otus  context               none                       default
otus  fscontext             none                       default
otus  defcontext            none                       default
otus  rootcontext           none                       default
otus  relatime              on                         default
otus  redundant_metadata    all                        default
otus  overlay               on                         default
otus  encryption            off                        default
otus  keylocation           none                       default
otus  keyformat             none                       default
otus  pbkdf2iters           0                          default
otus  special_small_blocks  0                          default
otus  prefetch              all                        default
otus  direct                standard                   default
otus  longname              off                        default
root@ubuntuserver: ~root@ubuntuserver:~# zfs get available otus

NAME  PROPERTY   VALUE  SOURCE
otus  available  350M   -
root@ubuntuserver: ~root@ubuntuserver:~# zfs get available otusreadonly otus

NAME  PROPERTY  VALUE   SOURCE
otus  readonly  off     default
root@ubuntuserver: ~root@ubuntuserver:~# zfs get readonly otusrecordsize otus

NAME  PROPERTY    VALUE    SOURCE
otus  recordsize  128K     local
root@ubuntuserver: ~root@ubuntuserver:~# zfs get recordsize otuscpompression otus

NAME  PROPERTY     VALUE           SOURCE
otus  compression  zle             local
root@ubuntuserver: ~root@ubuntuserver:~# zfs get compression otuschecksum otus

NAME  PROPERTY  VALUE      SOURCE
otus  checksum  sha256     local
root@ubuntuserver: ~root@ubuntuserver:~# zpool list

NAME    SIZE  ALLOC   FREE  CKPOINT  EXPANDSZ   FRAG    CAP  DEDUP    HEALTH  ALTROOT
otus    480M  2.06M   478M        -         -    17%     0%  1.00x    ONLINE  -
otus1   480M  21.7M   458M        -         -     2%     4%  1.00x    ONLINE  -
otus2   480M  17.7M   462M        -         -     3%     3%  1.00x    ONLINE  -
otus3   480M  39.4M   441M        -         -     4%     8%  1.00x    ONLINE  -
otus4   480M  10.9M   469M        -         -     3%     2%  1.00x    ONLINE  -
root@ubuntuserver: ~root@ubuntuserver:~# zfts list

NAME             USED  AVAIL  REFER  MOUNTPOINT
otus            2.04M   350M    24K  /otus
otus/hometask2  1.88M   350M  1.88M  /otus/hometask2
otus1           21.7M   330M  21.6M  /otus1
otus2           17.7M   334M  17.6M  /otus2
otus3           39.4M   313M  39.3M  /otus3
otus4           10.9M   341M  10.8M  /otus4
root@ubuntuserver: ~root@ubuntuserver:~# ls /otus
otus/  otus1/ otus2/ otus3/ otus4/ 
root@ubuntuserver: ~root@ubuntuserver:~# ls /otus/hometask2/dir
Display all 100 possibilities? (y or n)
root@ubuntuserver: ~root@ubuntuserver:~# ls /otus/hometask2/dir
Display all 100 possibilities? (y or n)
dir1/   dir16/  dir23/  dir30/  dir38/  dir45/  dir52/  dir6/   dir67/  dir74/  dir81/  dir89/  dir96/  
dir10/  dir17/  dir24/  dir31/  dir39/  dir46/  dir53/  dir60/  dir68/  dir75/  dir82/  dir9/   dir97/  
dir100/ dir18/  dir25/  dir32/  dir4/   dir47/  dir54/  dir61/  dir69/  dir76/  dir83/  dir90/  dir98/  
dir11/  dir19/  dir26/  dir33/  dir40/  dir48/  dir55/  dir62/  dir7/   dir77/  dir84/  dir91/  dir99/  
dir12/  dir2/   dir27/  dir34/  dir41/  dir49/  dir56/  dir63/  dir70/  dir78/  dir85/  dir92/  
dir13/  dir20/  dir28/  dir35/  dir42/  dir5/   dir57/  dir64/  dir71/  dir79/  dir86/  dir93/  
dir14/  dir21/  dir29/  dir36/  dir43/  dir50/  dir58/  dir65/  dir72/  dir8/   dir87/  dir94/  
dir15/  dir22/  dir3/   dir37/  dir44/  dir51/  dir59/  dir66/  dir73/  dir80/  dir88/  dir95/  
root@ubuntuserver: ~root@ubuntuserver:~# ls /otus/hometask2/dirls

archive.tar.gz  zpoolexport
root@ubuntuserver: ~root@ubuntuserver:~# wget -O otus_task2.file --no-check-certificate https://drive.usercontent.google.com/download?id=1wgxjih8YZ-cqLqaZVa0lA3h3Y029c3oI&export=download
wget -O otus_task2.file --no-check-certificate https://drive.usercontent.google.com/download?id=1wgxjih8YZ-cqLqaZVa0lA3h3Y029c3oI&export=download

[1] 3633
root@ubuntuserver: ~root@ubuntuserver:~# 
Redirecting output to â€˜wget-logâ€™.
^C
[?2004h

[1]+  Done                    wget -O otus_task2.file --no-check-certificate https://drive.usercontent.google.com/download?id=1wgxjih8YZ-cqLqaZVa0lA3h3Y029c3oI
root@ubuntuserver: ~root@ubuntuserver:~# wget -O otus_task2.file --no-check-certificate https://drive.usercontent.google.com/download?id=1wgxjih8YZ-cqLqaZVa0lA3h3Y029c3oI&export=download'

root@ubuntuserver: ~root@ubuntuserver:~# 'https://drive.usercontent.google.com/download?id=1wgxjih8YZ-cqLqaZVa0lA3h3Y029c3oI&export=download'



--2025-11-18 11:13:38--  https://drive.usercontent.google.com/download?id=1wgxjih8YZ-cqLqaZVa0lA3h3Y029c3oI&export=download
Resolving drive.usercontent.google.com (drive.usercontent.google.com)... 64.233.162.132, 2a00:1450:4010:c05::84
Connecting to drive.usercontent.google.com (drive.usercontent.google.com)|64.233.162.132|:443... connected.
HTTP request sent, awaiting response... 200 OK
Length: 5432736 (5,2M) [application/octet-stream]
Saving to: â€˜otus_task2.fileâ€™


otus_task2.file                 0%[                                                ]       0  --.-KB/s               
otus_task2.file                 1%[                                                ] 101,07K   500KB/s               
otus_task2.file                 7%[==>                                             ] 395,57K   981KB/s               
otus_task2.file                30%[=============>                                  ]   1,56M  2,56MB/s               
otus_task2.file                90%[==========================================>     ]   4,68M  5,77MB/s               
otus_task2.file                93%[===========================================>    ]   4,82M  4,27MB/s               
otus_task2.file               100%[===============================================>]   5,18M  4,55MB/s    in 1,1s    

2025-11-18 11:13:42 (4,55 MB/s) - â€˜otus_task2.fileâ€™ saved [5432736/5432736]

root@ubuntuserver: ~root@ubuntuserver:~# ls

archive.tar.gz  otus_task2.file  wget-log  zpoolexport
root@ubuntuserver: ~root@ubuntuserver:~# zfs receive otus/treseest@today < otus_task2.file

root@ubuntuserver: ~root@ubuntuserver:~# ls /otus/
hometask2/ test/      
root@ubuntuserver: ~root@ubuntuserver:~# ls /otus/test/
10M.file           for_examaple.txt   Limbo.txt          task1/             world.sql          
cinderella.tar     homework4.txt      Moby_Dick.txt      War_and_Peace.txt  
root@ubuntuserver: ~root@ubuntuserver:~# ls /otus/test/ /otus/test/- /otus/test/a /otus/test/L /otus/test/ /otus/test//otus/test/ /otus/test/L /otus/test/
10M.file           for_examaple.txt   Limbo.txt          task1/             world.sql          
cinderella.tar     homework4.txt      Moby_Dick.txt      War_and_Peace.txt  
root@ubuntuserver: ~root@ubuntuserver:~# ls -aL /otus/test/

.   10M.file   Moby_Dick.txt      cinderella.tar    homework4.txt  world.sql
..  Limbo.txt  War_and_Peace.txt  for_examaple.txt  task1
root@ubuntuserver: ~root@ubuntuserver:~# ls -aL /otus/test/ /otus/test/L /otus/test/

.   10M.file   Moby_Dick.txt      cinderella.tar    homework4.txt  world.sql
..  Limbo.txt  War_and_Peace.txt  for_examaple.txt  task1
root@ubuntuserver: ~root@ubuntuserver:~# ls -aL /otus/test/ /otus/test/l /otus/test/

total 2586
drwxr-xr-x 3 root root      11 May 15  2020 .
drwxr-xr-x 4 root root       4 Nov 18 11:14 ..
-rw-r--r-- 1 root root       0 May 15  2020 10M.file
-rw-r--r-- 1 root root  309987 May 15  2020 Limbo.txt
-rw-r--r-- 1 root root  509836 May 15  2020 Moby_Dick.txt
-rw-r--r-- 1 root root 1209374 May  6  2016 War_and_Peace.txt
-rw-r--r-- 1 root root  727040 May 15  2020 cinderella.tar
-rw-r--r-- 1 root root      65 May 15  2020 for_examaple.txt
-rw-r--r-- 1 root root       0 May 15  2020 homework4.txt
drwxr-xr-x 3 user user       4 Dec 18  2017 task1
-rw-r--r-- 1 root root  398635 May 15  2020 world.sql
root@ubuntuserver: ~root@ubuntuserver:~# find /otus/test -name "secret_message"
find /otus/test -name "secret_message"

/otus/test/task1/file_mess/secret_message
root@ubuntuserver: ~root@ubuntuserver:~# cat /otus/test/task1/file_mess/secret_message
https://otus.ru/lessons/linux-hl/

root@ubuntuserver: ~root@ubuntuserver:~# zpool list

NAME    SIZE  ALLOC   FREE  CKPOINT  EXPANDSZ   FRAG    CAP  DEDUP    HEALTH  ALTROOT
otus    480M  4.93M   475M        -         -    17%     1%  1.00x    ONLINE  -
otus1   480M  21.7M   458M        -         -     2%     4%  1.00x    ONLINE  -
otus2   480M  17.7M   462M        -         -     3%     3%  1.00x    ONLINE  -
otus3   480M  39.4M   441M        -         -     4%     8%  1.00x    ONLINE  -
otus4   480M  10.9M   469M        -         -     3%     2%  1.00x    ONLINE  -
root@ubuntuserver: ~root@ubuntuserver:~# zfs list 

NAME             USED  AVAIL  REFER  MOUNTPOINT
otus            4.91M   347M    24K  /otus
otus/hometask2  1.88M   347M  1.88M  /otus/hometask2
otus/test       2.85M   347M  2.83M  /otus/test
otus1           21.7M   330M  21.6M  /otus1
otus2           17.7M   334M  17.6M  /otus2
otus3           39.4M   313M  39.3M  /otus3
otus4           10.9M   341M  10.8M  /otus4
root@ubuntuserver: ~root@ubuntuserver:~# exit

logout
user@ubuntuserver: ~user@ubuntuserver:~$ sudo shutsddown -h now

[sudo: authenticate] Password: 
user@ubuntuserver: ~user@ubuntuserver:~$ Connection to 192.168.56.102 closed by remote host.

Connection to 192.168.56.102 closed.

alex@AlexHP: ~alex@AlexHP:~$ exit

exit

Script done on 2025-11-18 14:17:34+03:00 [COMMAND_EXIT_CODE="255"]
